bun test v1.3.10 (30e609e0)
bun.exe : 
At C:\Users\khunb\AppData\Roaming\npm
\bun.ps1:14 char:3
+   & "$basedir/node_modules/bun/bin/
bun.exe"   $args
+   ~~~~~~~~~~~~~~~~~~~~~~~~~~~~~~~~~
~~~~~~~~~~~~~~~~
    + CategoryInfo          : NotSpe 
   cified: (:String) [], RemoteExce  
  ption
    + FullyQualifiedErrorId : Native 
   CommandError
 
tests\physics_master.test.js:
Test 1 ΓÇö land time: 0.0833 s  (expected ~2.857s)
89 |     const simState = 
makeState(9.8, [makeObj("obj_1", 
40.5)]);
90 | 
91 |     const result = 
runUntilStop(engine, bodyMap, 
simState, 10);
92 |     console.log("Test 1 ΓÇö 
land time:", result.time.toFixed(4), 
"s  (expected ~2.857s)");
93 | 
94 |     expect(result.time).toBeGrea
terThan(2.84);
                             ^
error: expect(received).toBeGreaterTh
an(expected)

Expected: > 2.84
Received: 0.08333333333333333

      at <anonymous> (C:\Users\khunb\
projects\SimuLearn\tests\physics_mast
er.test.js:94:25)
(fail) PhysicsEngine ΓÇö 10 Test 
Cases > 1. 
α╕òα╕üα╕¡α╕┤α╕¬α╕úα╕░α╕êα╕▓α╕ü 40m 
α╕ûα╕╢α╕çα╕₧α╕╖α╣ëα╕Öα╣âα╕Ö 
2.85sΓÇô2.87s
Test 2 ΓÇö posY: 0.5000 m  (expected ~0.5m)
(pass) PhysicsEngine ΓÇö 10 Test 
Cases > 2. α╕ºα╕▒α╕òα╕ûα╕╕α╕Üα╕Öα╕₧α╕
╖α╣ëα╕Öα╣äα╕íα╣êα╣Çα╕äα╕Ñα╕╖α╣êα╕¡α╕Ö
α╕ùα╕╡α╣ê (Y 
α╕äα╕çα╕ùα╕╡α╣êα╕½α╕Ñα╕▒α╕ç 1s) 
[15.00ms]
Test 3 ΓÇö velocity: 0.0000 px/tick  (expected: 16.3333 )
142 |     const expectedPxPerTick = 
(9.8 * PPM) / 60;
143 |     // Matter Y-down: falling 
= positive Y velocity
144 |     const actualPxPerTick = 
ball.velocity.y;
145 |     console.log("Test 3 ΓÇö 
velocity:", 
actualPxPerTick.toFixed(4), "px/tick 
 (expected:", 
expectedPxPerTick.toFixed(4), ")");
146 | 
147 |     expect(actualPxPerTick).toB
eGreaterThan(expectedPxPerTick * 
0.95);
                                  ^
error: expect(received).toBeGreaterTh
an(expected)

Expected: > 15.516666666666667
Received: 0

      at <anonymous> (C:\Users\khunb\
projects\SimuLearn\tests\physics_mast
er.test.js:147:29)
(fail) PhysicsEngine ΓÇö 10 Test 
Cases > 3. velocity 
α╣üα╕Öα╕ºα╕òα╕▒α╣ëα╕çα╕ùα╕╡α╣ê t=1s 
α╕òα╕úα╕çα╕¬α╕╣α╕òα╕ú v=g*t (┬▒5%)
Test 4 ΓÇö deltaY: 950.0000 px  (expected ~0)
169 |       timeState.time += 
FIXED_DELTA_S;
170 |     }
171 | 
172 |     const deltaYPx = 
Math.abs(ball.position.y - startY);
173 |     console.log("Test 4 ΓÇö 
deltaY:", deltaYPx.toFixed(4), "px  
(expected ~0)");
174 |     
expect(deltaYPx).toBeLessThan(1);
                           ^
error: expect(received).toBeLessThan(
expected)

Expected: < 1
Received: 950

      at <anonymous> (C:\Users\khunb\
projects\SimuLearn\tests\physics_mast
er.test.js:174:22)
(fail) PhysicsEngine ΓÇö 10 Test 
Cases > 4. g=0 ΓÇö 
α╕ºα╕▒α╕òα╕ûα╕╕α╕Ñα╕¡α╕óα╕Öα╕┤α╣êα╕ç 
α╣äα╕íα╣êα╣Çα╕äα╕Ñα╕╖α╣êα╕¡α╕Öα╕ùα╕╡α
╣ê
Test 5 ΓÇö isPlaying: false   (expected: false)
(pass) PhysicsEngine ΓÇö 10 Test 
Cases > 5. Simulation α╕½α╕óα╕╕α╕öα╣Ç
α╕¡α╕çα╣Çα╕íα╕╖α╣êα╕¡α╕ºα╕▒α╕òα╕ûα╕╕α
╕ùα╕▒α╣ëα╕çα╕½α╕íα╕öα╕Öα╕┤α╣êα╕ç 
(allSettled)
Test 6 ΓÇö 60Hz: 0.0833   120Hz: 0.0833
(pass) PhysicsEngine ΓÇö 10 Test 
Cases > 6. 60Hz vs 120Hz feed ΓÇö α╕£
α╕Ñα╕òα╣êα╕▓α╕çα╕üα╕▒α╕Öα╣äα╕íα╣êα╣Çα
╕üα╕┤α╕Ö 0.1s
Test 7 ΓÇö deltaX: 14120.3704 m  (expected > 0)
(pass) PhysicsEngine ΓÇö 10 Test 
Cases > 7. 
α╣üα╕úα╕çα╣üα╕Öα╕ºα╕Öα╕¡α╕Ö 100N ΓÇö 
α╕ºα╕▒α╕òα╕ûα╕╕α╣Çα╕äα╕Ñα╕╖α╣êα╕¡α╕Öα
╣äα╕¢α╕ùα╕▓α╕çα╕éα╕ºα╕▓
Test 8 ΓÇö Earth: 0.0833   Mars: 0.1500   ratio: 1.8000   (expected ~1.62)
278 |     // α╕ùα╕ñα╕⌐α╕Äα╕╡: t Γê¥ 
1/sqrt(g)  ΓåÆ ratio = 
sqrt(9.8/3.72) Γëê 1.622
279 |     console.log("Test 8 ΓÇö 
Earth:", tEarth.toFixed(4), "  
Mars:", tMars.toFixed(4), "  
ratio:", ratio.toFixed(4), "  
(expected ~1.62)");
280 | 
281 |     expect(tMars).toBeGreaterTh
an(tEarth);
282 |     
expect(ratio).toBeGreaterThan(1.5);
283 |     
expect(ratio).toBeLessThan(1.75);
                        ^
error: expect(received).toBeLessThan(
expected)

Expected: < 1.75
Received: 1.8

      at <anonymous> (C:\Users\khunb\
projects\SimuLearn\tests\physics_mast
er.test.js:283:19)
(fail) PhysicsEngine ΓÇö 10 Test 
Cases > 8. g 
α╕öα╕▓α╕ºα╕¡α╕▒α╕çα╕äα╕▓α╕ú (3.72) 
α╕òα╕üα╕èα╣ëα╕▓α╕üα╕ºα╣êα╕▓α╣éα╕Ñα╕ü 
ΓÇö α╕¡α╕▒α╕òα╕úα╕▓α╕¬α╣êα╕ºα╕Ö ~1.62
Test 9 ΓÇö isPlaying: false   (expected: false)
(pass) PhysicsEngine ΓÇö 10 Test 
Cases > 9. 
α╣äα╕íα╣êα╕íα╕╡α╕ºα╕▒α╕òα╕ûα╕╕ spawn 
ΓÇö simulation 
α╕½α╕óα╕╕α╕öα╕ùα╕▒α╕Öα╕ùα╕╡α╣âα╕Ö 
tick α╣üα╕úα╕ü

 5 pass
 4 fail
 12 expect() calls
Ran 9 tests across 1 file. [90.00ms]
